/Users/darugula/git/e58/minishell/e59/minishell/tests
