src: command not found
foo: command not found
minishell: command not found
