/mnt/c/git/e47/minishell/minishell
pwd#: command not found
