oooooooooooooooooooooooooooo
oooooooooooooooooooooooooooo
oooooooooooooooooooooooooooo
oooooooooooooooooooooooooooo
oooooooooooooooooooooooooooo
oooooooooooooooooooooooooooo
oooooooooooooooooooooooooooo
