-minishell: cd: OLDPWD not set
-minishell: cd: \: No such file or directory
