/mnt/c/git/e59/minishell/tests
/mnt/c/git/e59/minishell/tests/test_cases/actual
/
cd /home/darugula
/home/darugula
cd -
/
cd /home/darugula/git
/home/darugula/git
cd cd
/home/darugula/git
cd ..
/home/darugula
cd /////
/
/
/
/bin
